../Core/Src/main.c:79:5:main	8	static
../Core/Src/main.c:135:6:SystemClock_Config	88	static
../Core/Src/main.c:183:13:MX_TIM1_Init	80	static
../Core/Src/main.c:252:13:MX_TIM2_Init	56	static
../Core/Src/main.c:301:13:MX_TIM3_Init	56	static
../Core/Src/main.c:350:13:MX_TIM4_Init	56	static
../Core/Src/main.c:399:13:MX_TIM5_Init	48	static
../Core/Src/main.c:452:13:MX_TIM8_Init	80	static
../Core/Src/main.c:521:13:MX_USART1_UART_Init	8	static
../Core/Src/main.c:554:13:MX_GPIO_Init	48	static
../Core/Src/main.c:602:6:Error_Handler	4	static,ignoring_inline_asm
